// Jest Snapshot v1, https://goo.gl/fbAQLP

exports[`App Component should match snapshot 1`] = `
Object {
  "asFragment": [Function],
  "baseElement": .c6 {
  font-family: 'Fredoka One',cursive;
  font-size: 20px;
  margin-right: 80px;
  text-transform: uppercase;
  -webkit-transition: 0.4s;
  transition: 0.4s;
  cursor: pointer;
}

.c2 {
  position: fixed;
  width: 100vw;
  height: 40px;
  z-index: 5;
  top: 0;
  left: 0;
  display: -webkit-box;
  display: -webkit-flex;
  display: -ms-flexbox;
  display: flex;
  -webkit-box-pack: center;
  -webkit-justify-content: center;
  -ms-flex-pack: center;
  justify-content: center;
  padding: 20px 0;
  -webkit-transition: 0.4s;
  transition: 0.4s;
  background-color: rgba(0,0,0,0.2);
}

.c2 .c5 {
  color: white;
}

.c3 {
  display: -webkit-box;
  display: -webkit-flex;
  display: -ms-flexbox;
  display: flex;
  -webkit-box-pack: justify;
  -webkit-justify-content: space-between;
  -ms-flex-pack: justify;
  justify-content: space-between;
  -webkit-align-items: center;
  -webkit-box-align: center;
  -ms-flex-align: center;
  align-items: center;
  width: 80%;
  height: 100%;
}

.c4 {
  display: -webkit-box;
  display: -webkit-flex;
  display: -ms-flexbox;
  display: flex;
}

.c7 {
  display: -webkit-box;
  display: -webkit-flex;
  display: -ms-flexbox;
  display: flex;
  -webkit-align-items: center;
  -webkit-box-align: center;
  -ms-flex-align: center;
  align-items: center;
  height: 100%;
}

.c8 {
  display: -webkit-box;
  display: -webkit-flex;
  display: -ms-flexbox;
  display: flex;
  width: 50px;
  height: 100%;
  overflow: hidden;
}

.c8 > * {
  cursor: pointer;
  -webkit-transition: 0.4s;
  transition: 0.4s;
}

.c8 > *:nth-child(1) {
  -webkit-transform: scale(0.2) translateY(-77%);
  -ms-transform: scale(0.2) translateY(-77%);
  transform: scale(0.2) translateY(-77%);
}

.c8 > *:nth-child(2) {
  margin-left: -100%;
  -webkit-transform: scale(0.6) translateY(-77%);
  -ms-transform: scale(0.6) translateY(-77%);
  transform: scale(0.6) translateY(-77%);
}

.c13 {
  width: 100vw;
  height: 100vh;
  object-fit: cover;
}

.c15 {
  position: absolute;
  width: -webkit-fit-content;
  width: -moz-fit-content;
  width: fit-content;
  top: 50%;
  left: 50%;
  -webkit-transform: translate(-50%,-50%);
  -ms-transform: translate(-50%,-50%);
  transform: translate(-50%,-50%);
  font-size: 100px;
  font-family: 'Roboto Mono',monospace;
  font-weight: 400;
  text-transform: uppercase;
  z-index: 3;
}

.c15 * {
  -webkit-transition: 0.4s;
  transition: 0.4s;
  color: white !important;
}

.c10 {
  position: fixed;
  z-index: 2;
  top: 0;
  left: 0;
}

.c11 {
  position: relative;
  height: 100vh;
  width: 100vw;
}

.c11 .c12 {
  position: absolute;
  top: 0;
  left: 0;
  -webkit-transition: 1s;
  transition: 1s;
}

.c11 .c12:first-of-type {
  opacity: 0.3;
}

.c11 .c12:not(:first-of-type) {
  opacity: 0;
}

.c9 {
  width: 100vw;
  height: 100vh;
}

.c14 {
  font-size: 30px;
  color: white;
  font-family: 'Roboto Mono',monospace;
  font-weight: bold;
  text-transform: uppercase;
  position: absolute;
  width: 180px;
  height: 180px;
  cursor: pointer;
  background-color: rgba(0,0,0,0.2);
  top: 50%;
  left: 50%;
  border-radius: 50%;
  -webkit-transform: translate(-50%,-50%);
  -ms-transform: translate(-50%,-50%);
  transform: translate(-50%,-50%);
  z-index: 3;
  -webkit-transition: 0.4s;
  transition: 0.4s;
  -webkit-animation: ripple 2600ms infinite;
  animation: ripple 2600ms infinite;
  border: none;
  -webkit-transform-origin: center;
  -ms-transform-origin: center;
  transform-origin: center;
  box-shadow: 0 0 0 0px transparent,0 0 0 0px rgba(255,255,255,0.1), 0 0 0 0px transparent,0 0 0 0px rgba(255,255,255,0.2), 0 0 0 0px transparent,0 0 0 0px rgba(255,255,255,0.4), 0 0 0 0px transparent,0 0 0 0px rgba(255,255,255,0.6);
}

.c14:hover {
  background-color: rgba(0,0,0,0.6);
  -webkit-transform: translate(-50%,-50%) scale(1.2);
  -ms-transform: translate(-50%,-50%) scale(1.2);
  transform: translate(-50%,-50%) scale(1.2);
}

.c1 {
  min-height: 500vh;
  width: 100vw;
}

.c0 {
  -webkit-transition: 1s;
  transition: 1s;
  background-color: black;
}

<body>
    <div>
      <div
        class="c0"
      >
        <main
          class="c1"
        >
          <header
            class="c2"
          >
            <div
              class="c3"
            >
              <nav
                class="c4"
              >
                <a
                  class="c5 c6"
                >
                  Home
                </a>
                <a
                  class="c5 c6"
                >
                  PX Switch
                </a>
                <a
                  class="c5 c6"
                >
                  Interview FAQ
                </a>
              </nav>
              <nav
                class="c7"
              >
                <a
                  class="c5 c6"
                >
                  Home
                </a>
                <div
                  class="c8"
                >
                  <svgrurl />
                  <svgrurl />
                </div>
              </nav>
            </div>
          </header>
          <section
            class="c9"
          />
          <section
            class="c10"
            tabindex="0"
          >
            <div
              class="c11"
            >
              <video
                autoplay=""
                class="c12 c13"
                loop=""
              >
                <source
                  class=""
                  src="test-file-stub"
                />
              </video>
              <video
                autoplay=""
                class="c12 c13"
                loop=""
              >
                <source
                  class=""
                  src="test-file-stub"
                />
              </video>
              <button
                class="c14"
              >
                Click me
              </button>
              <div
                class="c15"
              />
            </div>
          </section>
        </main>
      </div>
    </div>
  </body>,
  "container": .c6 {
  font-family: 'Fredoka One',cursive;
  font-size: 20px;
  margin-right: 80px;
  text-transform: uppercase;
  -webkit-transition: 0.4s;
  transition: 0.4s;
  cursor: pointer;
}

.c2 {
  position: fixed;
  width: 100vw;
  height: 40px;
  z-index: 5;
  top: 0;
  left: 0;
  display: -webkit-box;
  display: -webkit-flex;
  display: -ms-flexbox;
  display: flex;
  -webkit-box-pack: center;
  -webkit-justify-content: center;
  -ms-flex-pack: center;
  justify-content: center;
  padding: 20px 0;
  -webkit-transition: 0.4s;
  transition: 0.4s;
  background-color: rgba(0,0,0,0.2);
}

.c2 .c5 {
  color: white;
}

.c3 {
  display: -webkit-box;
  display: -webkit-flex;
  display: -ms-flexbox;
  display: flex;
  -webkit-box-pack: justify;
  -webkit-justify-content: space-between;
  -ms-flex-pack: justify;
  justify-content: space-between;
  -webkit-align-items: center;
  -webkit-box-align: center;
  -ms-flex-align: center;
  align-items: center;
  width: 80%;
  height: 100%;
}

.c4 {
  display: -webkit-box;
  display: -webkit-flex;
  display: -ms-flexbox;
  display: flex;
}

.c7 {
  display: -webkit-box;
  display: -webkit-flex;
  display: -ms-flexbox;
  display: flex;
  -webkit-align-items: center;
  -webkit-box-align: center;
  -ms-flex-align: center;
  align-items: center;
  height: 100%;
}

.c8 {
  display: -webkit-box;
  display: -webkit-flex;
  display: -ms-flexbox;
  display: flex;
  width: 50px;
  height: 100%;
  overflow: hidden;
}

.c8 > * {
  cursor: pointer;
  -webkit-transition: 0.4s;
  transition: 0.4s;
}

.c8 > *:nth-child(1) {
  -webkit-transform: scale(0.2) translateY(-77%);
  -ms-transform: scale(0.2) translateY(-77%);
  transform: scale(0.2) translateY(-77%);
}

.c8 > *:nth-child(2) {
  margin-left: -100%;
  -webkit-transform: scale(0.6) translateY(-77%);
  -ms-transform: scale(0.6) translateY(-77%);
  transform: scale(0.6) translateY(-77%);
}

.c13 {
  width: 100vw;
  height: 100vh;
  object-fit: cover;
}

.c15 {
  position: absolute;
  width: -webkit-fit-content;
  width: -moz-fit-content;
  width: fit-content;
  top: 50%;
  left: 50%;
  -webkit-transform: translate(-50%,-50%);
  -ms-transform: translate(-50%,-50%);
  transform: translate(-50%,-50%);
  font-size: 100px;
  font-family: 'Roboto Mono',monospace;
  font-weight: 400;
  text-transform: uppercase;
  z-index: 3;
}

.c15 * {
  -webkit-transition: 0.4s;
  transition: 0.4s;
  color: white !important;
}

.c10 {
  position: fixed;
  z-index: 2;
  top: 0;
  left: 0;
}

.c11 {
  position: relative;
  height: 100vh;
  width: 100vw;
}

.c11 .c12 {
  position: absolute;
  top: 0;
  left: 0;
  -webkit-transition: 1s;
  transition: 1s;
}

.c11 .c12:first-of-type {
  opacity: 0.3;
}

.c11 .c12:not(:first-of-type) {
  opacity: 0;
}

.c9 {
  width: 100vw;
  height: 100vh;
}

.c14 {
  font-size: 30px;
  color: white;
  font-family: 'Roboto Mono',monospace;
  font-weight: bold;
  text-transform: uppercase;
  position: absolute;
  width: 180px;
  height: 180px;
  cursor: pointer;
  background-color: rgba(0,0,0,0.2);
  top: 50%;
  left: 50%;
  border-radius: 50%;
  -webkit-transform: translate(-50%,-50%);
  -ms-transform: translate(-50%,-50%);
  transform: translate(-50%,-50%);
  z-index: 3;
  -webkit-transition: 0.4s;
  transition: 0.4s;
  -webkit-animation: ripple 2600ms infinite;
  animation: ripple 2600ms infinite;
  border: none;
  -webkit-transform-origin: center;
  -ms-transform-origin: center;
  transform-origin: center;
  box-shadow: 0 0 0 0px transparent,0 0 0 0px rgba(255,255,255,0.1), 0 0 0 0px transparent,0 0 0 0px rgba(255,255,255,0.2), 0 0 0 0px transparent,0 0 0 0px rgba(255,255,255,0.4), 0 0 0 0px transparent,0 0 0 0px rgba(255,255,255,0.6);
}

.c14:hover {
  background-color: rgba(0,0,0,0.6);
  -webkit-transform: translate(-50%,-50%) scale(1.2);
  -ms-transform: translate(-50%,-50%) scale(1.2);
  transform: translate(-50%,-50%) scale(1.2);
}

.c1 {
  min-height: 500vh;
  width: 100vw;
}

.c0 {
  -webkit-transition: 1s;
  transition: 1s;
  background-color: black;
}

<div>
    <div
      class="c0"
    >
      <main
        class="c1"
      >
        <header
          class="c2"
        >
          <div
            class="c3"
          >
            <nav
              class="c4"
            >
              <a
                class="c5 c6"
              >
                Home
              </a>
              <a
                class="c5 c6"
              >
                PX Switch
              </a>
              <a
                class="c5 c6"
              >
                Interview FAQ
              </a>
            </nav>
            <nav
              class="c7"
            >
              <a
                class="c5 c6"
              >
                Home
              </a>
              <div
                class="c8"
              >
                <svgrurl />
                <svgrurl />
              </div>
            </nav>
          </div>
        </header>
        <section
          class="c9"
        />
        <section
          class="c10"
          tabindex="0"
        >
          <div
            class="c11"
          >
            <video
              autoplay=""
              class="c12 c13"
              loop=""
            >
              <source
                class=""
                src="test-file-stub"
              />
            </video>
            <video
              autoplay=""
              class="c12 c13"
              loop=""
            >
              <source
                class=""
                src="test-file-stub"
              />
            </video>
            <button
              class="c14"
            >
              Click me
            </button>
            <div
              class="c15"
            />
          </div>
        </section>
      </main>
    </div>
  </div>,
  "debug": [Function],
  "findAllByAltText": [Function],
  "findAllByDisplayValue": [Function],
  "findAllByLabelText": [Function],
  "findAllByPlaceholderText": [Function],
  "findAllByRole": [Function],
  "findAllByTestId": [Function],
  "findAllByText": [Function],
  "findAllByTitle": [Function],
  "findByAltText": [Function],
  "findByDisplayValue": [Function],
  "findByLabelText": [Function],
  "findByPlaceholderText": [Function],
  "findByRole": [Function],
  "findByTestId": [Function],
  "findByText": [Function],
  "findByTitle": [Function],
  "getAllByAltText": [Function],
  "getAllByDisplayValue": [Function],
  "getAllByLabelText": [Function],
  "getAllByPlaceholderText": [Function],
  "getAllByRole": [Function],
  "getAllByTestId": [Function],
  "getAllByText": [Function],
  "getAllByTitle": [Function],
  "getByAltText": [Function],
  "getByDisplayValue": [Function],
  "getByLabelText": [Function],
  "getByPlaceholderText": [Function],
  "getByRole": [Function],
  "getByTestId": [Function],
  "getByText": [Function],
  "getByTitle": [Function],
  "queryAllByAltText": [Function],
  "queryAllByDisplayValue": [Function],
  "queryAllByLabelText": [Function],
  "queryAllByPlaceholderText": [Function],
  "queryAllByRole": [Function],
  "queryAllByTestId": [Function],
  "queryAllByText": [Function],
  "queryAllByTitle": [Function],
  "queryByAltText": [Function],
  "queryByDisplayValue": [Function],
  "queryByLabelText": [Function],
  "queryByPlaceholderText": [Function],
  "queryByRole": [Function],
  "queryByTestId": [Function],
  "queryByText": [Function],
  "queryByTitle": [Function],
  "rerender": [Function],
  "unmount": [Function],
}
`;
